<html>
<body>
<pre>
<h1>µVision Build Log</h1>
<h2>Project:</h2>
D:\Work\CODE\ST\ST_SDK\Projects\Multi\Application\BleInterface\MDK-ARM\BlueNRG_SDK.uvproj
Project File Date:  09/17/2015

<h2>Output:</h2>
Build target 'Blue_NRG_MS_F4xx_SDK'
compiling bluenrg_sdk_api.c...
..\Src\bluenrg_sdk_api.c(79): warning:  #940-D: missing return statement at end of non-void function "ble_init_bluenrg"
  }
..\Src\bluenrg_sdk_api.c(35): warning:  #177-D: variable "SERVER_BDADDR" was declared but never referenced
    uint8_t SERVER_BDADDR[] = {0x04, 0x34, 0x00, 0xE1, 0x80, 0x02};
..\Src\bluenrg_sdk_api.c(39): warning:  #177-D: variable "bdaddr" was declared but never referenced
        uint8_t bdaddr[BDADDR_SIZE];
..\Src\bluenrg_sdk_api.c(154): warning:  #940-D: missing return statement at end of non-void function "ble_device_set_name"
  }
..\Src\bluenrg_sdk_api.c(151): warning:  #177-D: variable "ret" was declared but never referenced
         tBleStatus ret; 
..\Src\bluenrg_sdk_api.c(171): warning:  #940-D: missing return statement at end of non-void function "Advertise_Address"
  }
..\Src\bluenrg_sdk_api.c(191): warning:  #167-D: argument of type "const uint8_t *" is incompatible with parameter of type "uint8_t *"
                                     AdvNameLen+1, LocalName, uuid_length, serviceUUIDList, 0, 0);//// start advertising
..\Src\bluenrg_sdk_api.c(221): warning:  #940-D: missing return statement at end of non-void function "ble_device_send"
  }
..\Src\bluenrg_sdk_api.c: 8 warnings, 0 errors
linking...
Program Size: Code=8524 RO-data=472 RW-data=100 ZI-data=2420  
FromELF: creating hex file...
".\BlueNRG_SDK.axf" - 0 Error(s), 8 Warning(s).
Load "D:\\Work\\CODE\\ST\\ST_SDK\\Projects\\Multi\\Application\\BleInterface\\MDK-ARM\\BlueNRG_SDK.axf" 
Erase Done.
Programming Done.
Verify OK.
Application running ...
...
 0 Error(s), 9 Warning(s).
Load "D:\\Work\\CODE\\ST\\ST_SDK\\Projects\\Multi\\Application\\BleInterface\\MDK-ARM\\BlueNRG_SDK.axf" 
Erase Done.
Programming Done.
Verify OK.
Application running ...
dvertising
..\Src\bluenrg_sdk_api.c(222): warning:  #940-D: missing return statement at end of non-void function "ble_device_send"
  }
..\Src\bluenrg_sdk_api.c: 11 warnings, 0 errors
linking...
Program Size: Code=8516 RO-data=464 RW-data=120 ZI-data=2424  
FromELF: creating hex file...
".\BlueNRG_SDK.axf" - 0 Error(s), 11 Warning(s).
Load "D:\\Work\\CODE\\ST\\ST_SDK\\Projects\\Multi\\Application\\BleInterface\\MDK-ARM\\BlueNRG_SDK.axf" 
Erase Done.
Programming Done.
Verify OK.
Application running ...
