<html>
<body>
<pre>
<h1>µVision Build Log</h1>
<h2>Project:</h2>
D:\Work\CODE\ST\ST_SDK\Projects\Multi\Application\Blink\Ble_Led_Blink_Demo.uvproj
Project File Date:  10/08/2015

<h2>Output:</h2>
Build target 'Blue_NRG_MS_F4xx_SDK'
assembling startup_stm32f401xe.s...
compiling bluenrg_interface.c...
compiling canon_hal_f4.c...
compiling clock.c...
compiling stm32xx_it.c...
compiling bluenrg_sdk_api.c...
..\BleInterface\Src\bluenrg_sdk_api.c(79): warning:  #940-D: missing return statement at end of non-void function "ble_init_bluenrg"
  }
..\BleInterface\Src\bluenrg_sdk_api.c(35): warning:  #177-D: variable "SERVER_BDADDR" was declared but never referenced
    uint8_t SERVER_BDADDR[] = {0x04, 0x34, 0x00, 0xE1, 0x80, 0x02};
..\BleInterface\Src\bluenrg_sdk_api.c(39): warning:  #177-D: variable "bdaddr" was declared but never referenced
        uint8_t bdaddr[BDADDR_SIZE];
..\BleInterface\Src\bluenrg_sdk_api.c(153): warning:  #167-D: argument of type "const uint8_t *" is incompatible with parameter of type "void *restrict"
                memcpy(AdvName,new_device_name,AdvNameLen);
..\BleInterface\Src\bluenrg_sdk_api.c(156): warning:  #940-D: missing return statement at end of non-void function "ble_device_set_name"
  }
..\BleInterface\Src\bluenrg_sdk_api.c(151): warning:  #177-D: variable "ret" was declared but never referenced
         tBleStatus ret; 
..\BleInterface\Src\bluenrg_sdk_api.c(173): warning:  #940-D: missing return statement at end of non-void function "Advertise_Address"
  }
..\BleInterface\Src\bluenrg_sdk_api.c(193): warning:  #167-D: argument of type "const uint8_t *" is incompatible with parameter of type "uint8_t *"
                                     AdvNameLen+1, LocalName, uuid_length, serviceUUIDList, 0, 0);//// start advertising
..\BleInterface\Src\bluenrg_sdk_api.c(227): warning:  #940-D: missing return statement at end of non-void function "ble_device_send"
  }
..\BleInterface\Src\bluenrg_sdk_api.c: 9 warnings, 0 errors
compiling main.c...
..\BleInterface\Src\main.c(145): warning:  #167-D: argument of type "const char *" is incompatible with parameter of type "char *"
        ble_start_adv(name, AdvAddress, TxPowerLevel, AdvInterval);
..\BleInterface\Src\main.c: 1 warning, 0 errors
compiling demo_blink.c...
Src\demo_blink.c(29): warning:  #177-D: variable "ret" was declared but never referenced
                tBleStatus ret = BLE_WAIT_REMOTE_ENABLE_NOTIFY;
Src\demo_blink.c: 1 warning, 0 errors
compiling stm32f4xx_canon.c...
compiling stm32_bluenrg_ble.c...
compiling system_stm32f4xx.c...
compiling stm32f4xx_hal.c...
compiling stm32f4xx_hal_adc.c...
compiling stm32f4xx_hal_adc_ex.c...
compiling stm32f4xx_hal_cortex.c...
compiling stm32f4xx_hal_dma.c...
compiling stm32f4xx_hal_flash.c...
compiling stm32f4xx_hal_flash_ex.c...
compiling stm32f4xx_hal_gpio.c...
compiling stm32f4xx_hal_i2c.c...
compiling stm32f4xx_hal_i2c_ex.c...
compiling stm32f4xx_hal_i2s.c...
compiling stm32f4xx_hal_i2s_ex.c...
compiling stm32f4xx_hal_pwr.c...
compiling stm32f4xx_hal_pwr_ex.c...
compiling stm32f4xx_hal_rcc.c...
compiling stm32f4xx_hal_rcc_ex.c...
compiling stm32f4xx_hal_spi.c...
compiling hci.c...
..\..\..\..\Middlewares\ST\STM32_BlueNRG\SimpleBlueNRG_HCI\hci\hci.c(178): warning:  #223-D: function "Hal_Write_Serial" declared implicitly
    Hal_Write_Serial(data1, data2, n_bytes1, n_bytes2);
..\..\..\..\Middlewares\ST\STM32_BlueNRG\SimpleBlueNRG_HCI\hci\hci.c: 1 warning, 0 errors
compiling bluenrg_gap_aci.c...
compiling bluenrg_gatt_aci.c...
compiling bluenrg_hal_aci.c...
compiling bluenrg_l2cap_aci.c...
compiling bluenrg_itf_template.c...
compiling gp_timer.c...
compiling list.c...
compiling osal.c...
linking...
Program Size: Code=8528 RO-data=464 RW-data=112 ZI-data=2440  
FromELF: creating hex file...
".\MDK-ARM\Ble_Led_Blink_Demo.axf" - 0 Error(s), 12 Warning(s).
</pre>
</body>
</html>
